phase=rest tasks=18
lane=0 weight=7312
lane=1 weight=4758
lane=2 weight=4734
lane=3 weight=4892
2026-08-31T09:29:56Z start siglip2_full_n5000_e100_raw_L10 gpu=0 weight=7312
2026-08-31T09:29:56Z start muse_glimmer_full_n5000_e100_matched_L38 gpu=1 weight=3296
2026-08-31T09:29:56Z start siglip2_full_n5000_e100_matched_L17 gpu=2 weight=3296
2026-08-31T09:29:56Z start siglip2_full_n1500_e100_raw_L10 gpu=3 weight=2285
2026-08-31T09:49:56Z done siglip2_full_n1500_e100_raw_L10 gpu=3 status=0
2026-08-31T09:49:56Z start siglip2_full_n5000_e20_raw_L10 gpu=3 weight=1371
2026-08-31T10:02:37Z done siglip2_full_n5000_e20_raw_L10 gpu=3 status=0
2026-08-31T10:02:37Z start muse_glimmer_full_n5000_e20_matched_L38 gpu=3 weight=618
2026-08-31T10:03:20Z done siglip2_full_n5000_e100_matched_L17 gpu=2 status=0
2026-08-31T10:03:20Z start siglip2_full_n1500_e100_matched_L17 gpu=2 weight=1030
2026-08-31T10:04:07Z done muse_glimmer_full_n5000_e100_matched_L38 gpu=1 status=0
2026-08-31T10:04:07Z start muse_glimmer_full_n1500_e100_matched_L38 gpu=1 weight=1030
2026-08-31T10:11:46Z done muse_glimmer_full_n5000_e20_matched_L38 gpu=3 status=0
2026-08-31T10:11:46Z start siglip2_full_n5000_e20_matched_L17 gpu=3 weight=618
2026-08-31T10:13:31Z done siglip2_full_n1500_e100_matched_L17 gpu=2 status=0
2026-08-31T10:13:31Z start siglip2_pool4_n1500_e100_raw_L10 gpu=2 weight=135
2026-08-31T10:13:54Z done siglip2_pool4_n1500_e100_raw_L10 gpu=2 status=0
2026-08-31T10:13:54Z start siglip2_pool4_n5000_e20_raw_L10 gpu=2 weight=81
2026-08-31T10:14:07Z done siglip2_pool4_n5000_e20_raw_L10 gpu=2 status=0
2026-08-31T10:14:07Z start muse_glimmer_pool4_n5000_e100_matched_L38 gpu=2 weight=64
2026-08-31T10:14:36Z done muse_glimmer_full_n1500_e100_matched_L38 gpu=1 status=0
2026-08-31T10:14:36Z start siglip2_pool4_n5000_e100_raw_L10 gpu=1 weight=432
2026-08-31T10:14:43Z done muse_glimmer_pool4_n5000_e100_matched_L38 gpu=2 status=0
2026-08-31T10:14:43Z start siglip2_pool4_n5000_e100_matched_L17 gpu=2 weight=64
2026-08-31T10:15:21Z done siglip2_pool4_n5000_e100_matched_L17 gpu=2 status=0
2026-08-31T10:15:21Z start muse_glimmer_pool4_n1500_e100_matched_L38 gpu=2 weight=20
2026-08-31T10:15:33Z done siglip2_pool4_n5000_e100_raw_L10 gpu=1 status=0
2026-08-31T10:15:36Z done muse_glimmer_pool4_n1500_e100_matched_L38 gpu=2 status=0
2026-08-31T10:15:36Z start siglip2_pool4_n1500_e100_matched_L17 gpu=2 weight=20
2026-08-31T10:15:51Z done siglip2_pool4_n1500_e100_matched_L17 gpu=2 status=0
2026-08-31T10:15:51Z start muse_glimmer_pool4_n5000_e20_matched_L38 gpu=2 weight=12
2026-08-31T10:16:02Z done muse_glimmer_pool4_n5000_e20_matched_L38 gpu=2 status=0
2026-08-31T10:16:02Z start siglip2_pool4_n5000_e20_matched_L17 gpu=2 weight=12
2026-08-31T10:16:13Z done siglip2_pool4_n5000_e20_matched_L17 gpu=2 status=0
2026-08-31T10:19:27Z done siglip2_full_n5000_e20_matched_L17 gpu=3 status=0
2026-08-31T10:33:47Z done siglip2_full_n5000_e100_raw_L10 gpu=0 status=0
EXIT_STATUS=0
